---
source: src/./tests.rs
assertion_line: 56
expression: snapshot
---
Dcs { macro_parameter: None, inverse_background: None, horizontal_pixel_distance: None }
RasterAttribute { pan: 2, pad: 1, ph: Some(100), pv: Some(200) }
ColorIntroducer { color_number: 0, color_coordinate_system: Some(RGB(0, 0, 0)) }
ColorIntroducer { color_number: 1, color_coordinate_system: Some(RGB(100, 100, 0)) }
ColorIntroducer { color_number: 2, color_coordinate_system: Some(RGB(0, 100, 0)) }
ColorIntroducer { color_number: 1, color_coordinate_system: None }
Data { byte: 126 }
Data { byte: 126 }
Data { byte: 64 }
Data { byte: 64 }
Data { byte: 118 }
Data { byte: 118 }
Data { byte: 64 }
Data { byte: 64 }
Data { byte: 126 }
Data { byte: 126 }
Data { byte: 64 }
Data { byte: 64 }
Data { byte: 126 }
Data { byte: 126 }
GotoBeginningOfLine
ColorIntroducer { color_number: 2, color_coordinate_system: None }
Data { byte: 63 }
Data { byte: 63 }
Data { byte: 125 }
Data { byte: 125 }
Data { byte: 71 }
Data { byte: 71 }
Data { byte: 125 }
Data { byte: 125 }
Data { byte: 63 }
Data { byte: 63 }
Data { byte: 125 }
Data { byte: 125 }
Data { byte: 63 }
Data { byte: 63 }
GotoNextLine
ColorIntroducer { color_number: 1, color_coordinate_system: None }
Repeat { repeat_count: 14, byte_to_repeat: 64 }

